Archive member included to satisfy reference by file (symbol)

/opt/xpack-riscv-none-elf-gcc-13.2.0-2/bin/../lib/gcc/riscv-none-elf/13.2.0/../../../../riscv-none-elf/lib/rv32im/ilp32/libc.a(libc_a-sprintf.o)
                              build/main.o (sprintf)
/opt/xpack-riscv-none-elf-gcc-13.2.0-2/bin/../lib/gcc/riscv-none-elf/13.2.0/../../../../riscv-none-elf/lib/rv32im/ilp32/libc.a(libc_a-reent.o)
                              build/src/stub_stdlib.o (errno)
/opt/xpack-riscv-none-elf-gcc-13.2.0-2/bin/../lib/gcc/riscv-none-elf/13.2.0/../../../../riscv-none-elf/lib/rv32im/ilp32/libc.a(libc_a-impure.o)
                              /opt/xpack-riscv-none-elf-gcc-13.2.0-2/bin/../lib/gcc/riscv-none-elf/13.2.0/../../../../riscv-none-elf/lib/rv32im/ilp32/libc.a(libc_a-sprintf.o) (_impure_ptr)
/opt/xpack-riscv-none-elf-gcc-13.2.0-2/bin/../lib/gcc/riscv-none-elf/13.2.0/../../../../riscv-none-elf/lib/rv32im/ilp32/libc.a(libc_a-freer.o)
                              /opt/xpack-riscv-none-elf-gcc-13.2.0-2/bin/../lib/gcc/riscv-none-elf/13.2.0/../../../../riscv-none-elf/lib/rv32im/ilp32/libc.a(libc_a-reent.o) (_free_r)
/opt/xpack-riscv-none-elf-gcc-13.2.0-2/bin/../lib/gcc/riscv-none-elf/13.2.0/../../../../riscv-none-elf/lib/rv32im/ilp32/libc.a(libc_a-mallocr.o)
                              /opt/xpack-riscv-none-elf-gcc-13.2.0-2/bin/../lib/gcc/riscv-none-elf/13.2.0/../../../../riscv-none-elf/lib/rv32im/ilp32/libc.a(libc_a-freer.o) (__malloc_av_)
/opt/xpack-riscv-none-elf-gcc-13.2.0-2/bin/../lib/gcc/riscv-none-elf/13.2.0/../../../../riscv-none-elf/lib/rv32im/ilp32/libc.a(libc_a-mlock.o)
                              /opt/xpack-riscv-none-elf-gcc-13.2.0-2/bin/../lib/gcc/riscv-none-elf/13.2.0/../../../../riscv-none-elf/lib/rv32im/ilp32/libc.a(libc_a-freer.o) (__malloc_lock)
/opt/xpack-riscv-none-elf-gcc-13.2.0-2/bin/../lib/gcc/riscv-none-elf/13.2.0/../../../../riscv-none-elf/lib/rv32im/ilp32/libc.a(libc_a-svfprintf.o)
                              /opt/xpack-riscv-none-elf-gcc-13.2.0-2/bin/../lib/gcc/riscv-none-elf/13.2.0/../../../../riscv-none-elf/lib/rv32im/ilp32/libc.a(libc_a-sprintf.o) (_svfprintf_r)
/opt/xpack-riscv-none-elf-gcc-13.2.0-2/bin/../lib/gcc/riscv-none-elf/13.2.0/../../../../riscv-none-elf/lib/rv32im/ilp32/libc.a(libc_a-findfp.o)
                              /opt/xpack-riscv-none-elf-gcc-13.2.0-2/bin/../lib/gcc/riscv-none-elf/13.2.0/../../../../riscv-none-elf/lib/rv32im/ilp32/libc.a(libc_a-impure.o) (__sf)
/opt/xpack-riscv-none-elf-gcc-13.2.0-2/bin/../lib/gcc/riscv-none-elf/13.2.0/../../../../riscv-none-elf/lib/rv32im/ilp32/libc.a(libc_a-fwalk.o)
                              /opt/xpack-riscv-none-elf-gcc-13.2.0-2/bin/../lib/gcc/riscv-none-elf/13.2.0/../../../../riscv-none-elf/lib/rv32im/ilp32/libc.a(libc_a-findfp.o) (_fwalk_sglue)
/opt/xpack-riscv-none-elf-gcc-13.2.0-2/bin/../lib/gcc/riscv-none-elf/13.2.0/../../../../riscv-none-elf/lib/rv32im/ilp32/libc.a(libc_a-stdio.o)
                              /opt/xpack-riscv-none-elf-gcc-13.2.0-2/bin/../lib/gcc/riscv-none-elf/13.2.0/../../../../riscv-none-elf/lib/rv32im/ilp32/libc.a(libc_a-findfp.o) (__sread)
/opt/xpack-riscv-none-elf-gcc-13.2.0-2/bin/../lib/gcc/riscv-none-elf/13.2.0/../../../../riscv-none-elf/lib/rv32im/ilp32/libc.a(libc_a-memchr.o)
                              /opt/xpack-riscv-none-elf-gcc-13.2.0-2/bin/../lib/gcc/riscv-none-elf/13.2.0/../../../../riscv-none-elf/lib/rv32im/ilp32/libc.a(libc_a-svfprintf.o) (memchr)
/opt/xpack-riscv-none-elf-gcc-13.2.0-2/bin/../lib/gcc/riscv-none-elf/13.2.0/../../../../riscv-none-elf/lib/rv32im/ilp32/libc.a(libc_a-strncpy.o)
                              /opt/xpack-riscv-none-elf-gcc-13.2.0-2/bin/../lib/gcc/riscv-none-elf/13.2.0/../../../../riscv-none-elf/lib/rv32im/ilp32/libc.a(libc_a-svfprintf.o) (strncpy)
/opt/xpack-riscv-none-elf-gcc-13.2.0-2/bin/../lib/gcc/riscv-none-elf/13.2.0/../../../../riscv-none-elf/lib/rv32im/ilp32/libc.a(libc_a-locale.o)
                              /opt/xpack-riscv-none-elf-gcc-13.2.0-2/bin/../lib/gcc/riscv-none-elf/13.2.0/../../../../riscv-none-elf/lib/rv32im/ilp32/libc.a(libc_a-svfprintf.o) (__global_locale)
/opt/xpack-riscv-none-elf-gcc-13.2.0-2/bin/../lib/gcc/riscv-none-elf/13.2.0/../../../../riscv-none-elf/lib/rv32im/ilp32/libc.a(libc_a-localeconv.o)
                              /opt/xpack-riscv-none-elf-gcc-13.2.0-2/bin/../lib/gcc/riscv-none-elf/13.2.0/../../../../riscv-none-elf/lib/rv32im/ilp32/libc.a(libc_a-svfprintf.o) (_localeconv_r)
/opt/xpack-riscv-none-elf-gcc-13.2.0-2/bin/../lib/gcc/riscv-none-elf/13.2.0/../../../../riscv-none-elf/lib/rv32im/ilp32/libc.a(libc_a-closer.o)
                              /opt/xpack-riscv-none-elf-gcc-13.2.0-2/bin/../lib/gcc/riscv-none-elf/13.2.0/../../../../riscv-none-elf/lib/rv32im/ilp32/libc.a(libc_a-stdio.o) (_close_r)
/opt/xpack-riscv-none-elf-gcc-13.2.0-2/bin/../lib/gcc/riscv-none-elf/13.2.0/../../../../riscv-none-elf/lib/rv32im/ilp32/libc.a(libc_a-lseekr.o)
[...]
Memory Configuration

Name             Origin             Length             Attributes
RAM              0x80000000         0x08000000         xrw
*default*        0x00000000         0xffffffff

Linker script and memory map

LOAD build/main.o
LOAD build/src/stub_stdlib.o
LOAD build/src/soc_uart.o
LOAD build/src/systimer.o
LOAD build/src/soc_emu_gpio.o
LOAD build/src/trap.o
LOAD build/Start.o
START GROUP
LOAD /opt/xpack-riscv-none-elf-gcc-13.2.0-2/bin/../lib/gcc/riscv-none-elf/13.2.0/../../../../riscv-none-elf/lib/rv32im/ilp32/libc.a
LOAD /opt/xpack-riscv-none-elf-gcc-13.2.0-2/bin/../lib/gcc/riscv-none-elf/13.2.0/rv32im/ilp32/libgcc.a
END GROUP
                [!provide]                        PROVIDE (__global_pointer$ = (ORIGIN (RAM) + 0x800))
                0x80000000                        . = ORIGIN (RAM)

.init           0x80000000       0x78
 *(.init)
 .init          0x80000000       0x78 build/Start.o
                0x80000000                _start

.text           0x80000078     0xd504
 *(.text .text.*)
 .text.delay    0x80000078       0x3c build/main.o
 .text.main     0x800000b4      0x130 build/main.o
                0x800000b4                main
 .text._exit    0x800001e4       0x24 build/src/stub_stdlib.o
                0x800001e4                _exit
 .text._kill    0x80000208       0x24 build/src/stub_stdlib.o
                0x80000208                _kill
 .text._getpid  0x8000022c       0x20 build/src/stub_stdlib.o
                0x8000022c                _getpid
 .text._close   0x8000024c       0x34 build/src/stub_stdlib.o
                0x8000024c                _close
 .text._fstat   0x80000280       0x34 build/src/stub_stdlib.o
                0x80000280                _fstat
 .text._isatty  0x800002b4       0x24 build/src/stub_stdlib.o
                0x800002b4                _isatty
 .text._lseek   0x800002d8       0x2c build/src/stub_stdlib.o
                0x800002d8                _lseek
 .text._read    0x80000304       0x2c build/src/stub_stdlib.o
                0x80000304                _read
 .text._write   0x80000330       0x2c build/src/stub_stdlib.o
                0x80000330                _write
 .text._sbrk    0x8000035c       0x54 build/src/stub_stdlib.o
                0x8000035c                _sbrk
 .text.uart_init
                0x800003b0       0xdc build/src/soc_uart.o
                0x800003b0                uart_init
 .text.uart_putc
                0x8000048c       0x60 build/src/soc_uart.o
                0x8000048c                uart_putc
 .text.uart_getc
                0x800004ec       0x30 build/src/soc_uart.o
                0x800004ec                uart_getc
 .text.uart_tstc
                0x8000051c       0x34 build/src/soc_uart.o
                0x8000051c                uart_tstc
 .text.uart_puts
                0x80000550       0x6c build/src/soc_uart.o
                0x80000550                uart_puts
 .text.emu_gpio_init
                0x800005bc       0x30 build/src/soc_emu_gpio.o
                0x800005bc                emu_gpio_init
 .text.emu_gpio_write_port
                0x800005ec       0x34 build/src/soc_emu_gpio.o
                0x800005ec                emu_gpio_write_port
 .text.risc_v_trap_handler
                0x80000620       0x14 build/src/trap.o
                0x80000620                risc_v_trap_handler
 .text.sprintf  0x80000634       0x7c /opt/xpack-riscv-none-elf-gcc-13.2.0-2/bin/../lib/gcc/riscv-none-elf/13.2.0/../../../../riscv-none-elf/lib/rv32im/ilp32/libc.a(libc_a-sprintf.o)
                0x80000634                sprintf
 .text._malloc_trim_r
                0x800006b0      0x144 /opt/xpack-riscv-none-elf-gcc-13.2.0-2/bin/../lib/gcc/riscv-none-elf/13.2.0/../../../../riscv-none-elf/lib/rv32im/ilp32/libc.a(libc_a-freer.o)
                0x800006b0                _malloc_trim_r
 .text._free_r  0x800007f4      0x30c /opt/xpack-riscv-none-elf-gcc-13.2.0-2/bin/../lib/gcc/riscv-none-elf/13.2.0/../../../../riscv-none-elf/lib/rv32im/ilp32/libc.a(libc_a-freer.o)
                0x800007f4                _free_r
 .text._malloc_r
                0x80000b00      0x7e0 /opt/xpack-riscv-none-elf-gcc-13.2.0-2/bin/../lib/gcc/riscv-none-elf/13.2.0/../../../../riscv-none-elf/lib/rv32im/ilp32/libc.a(libc_a-mallocr.o)
                0x80000b00                _malloc_r
 .text.__malloc_lock
                0x800012e0        0xc /opt/xpack-riscv-none-elf-gcc-13.2.0-2/bin/../lib/gcc/riscv-none-elf/13.2.0/../../../../riscv-none-elf/lib/rv32im/ilp32/libc.a(libc_a-mlock.o)
                0x800012e0                __malloc_lock
 .text.__malloc_unlock
                0x800012ec        0xc /opt/xpack-riscv-none-elf-gcc-13.2.0-2/bin/../lib/gcc/riscv-none-elf/13.2.0/../../../../riscv-none-elf/lib/rv32im/ilp32/libc.a(libc_a-mlock.o)
                0x800012ec                __malloc_unlock
 .text._svfprintf_r
                0x800012f8     0x2e10 /opt/xpack-riscv-none-elf-gcc-13.2.0-2/bin/../lib/gcc/riscv-none-elf/13.2.0/../../../../riscv-none-elf/lib/rv32im/ilp32/libc.a(libc_a-svfprintf.o)
                0x800012f8                _svfprintf_r
 .text.stdio_exit_handler
                0x80004108       0x1c /opt/xpack-riscv-none-elf-gcc-13.2.0-2/bin/../lib/gcc/riscv-none-elf/13.2.0/../../../../riscv-none-elf/lib/rv32im/ilp32/libc.a(libc_a-findfp.o)
 .text.cleanup_stdio
                0x80004124       0x70 /opt/xpack-riscv-none-elf-gcc-13.2.0-2/bin/../lib/gcc/riscv-none-elf/13.2.0/../../../../riscv-none-elf/lib/rv32im/ilp32/libc.a(libc_a-findfp.o)
 .text.global_stdio_init.part.0
                0x80004194      0x190 /opt/xpack-riscv-none-elf-gcc-13.2.0-2/bin/../lib/gcc/riscv-none-elf/13.2.0/../../../../riscv-none-elf/lib/rv32im/ilp32/libc.a(libc_a-findfp.o)
 .text.__sinit  0x80004324       0x70 /opt/xpack-riscv-none-elf-gcc-13.2.0-2/bin/../lib/gcc/riscv-none-elf/13.2.0/../../../../riscv-none-elf/lib/rv32im/ilp32/libc.a(libc_a-findfp.o)
                0x80004324                __sinit
 .text.__sfp_lock_acquire
                0x80004394        0xc /opt/xpack-riscv-none-elf-gcc-13.2.0-2/bin/../lib/gcc/riscv-none-elf/13.2.0/../../../../riscv-none-elf/lib/rv32im/ilp32/libc.a(libc_a-findfp.o)
                0x80004394                __sfp_lock_acquire
 .text.__sfp_lock_release
                0x800043a0        0xc /opt/xpack-riscv-none-elf-gcc-13.2.0-2/bin/../lib/gcc/riscv-none-elf/13.2.0/../../../../riscv-none-elf/lib/rv32im/ilp32/libc.a(libc_a-findfp.o)
                0x800043a0                __sfp_lock_release
 .text._fwalk_sglue
                0x800043ac       0xb4 /opt/xpack-riscv-none-elf-gcc-13.2.0-2/bin/../lib/gcc/riscv-none-elf/13.2.0/../../../../riscv-none-elf/lib/rv32im/ilp32/libc.a(libc_a-fwalk.o)
                0x800043ac                _fwalk_sglue
 .text.__sread  0x80004460       0x5c /opt/xpack-riscv-none-elf-gcc-13.2.0-2/bin/../lib/gcc/riscv-none-elf/13.2.0/../../../../riscv-none-elf/lib/rv32im/ilp32/libc.a(libc_a-stdio.o)
                0x80004460                __sread
 .text.__swrite
                0x800044bc       0x88 /opt/xpack-riscv-none-elf-gcc-13.2.0-2/bin/../lib/gcc/riscv-none-elf/13.2.0/../../../../riscv-none-elf/lib/rv32im/ilp32/libc.a(libc_a-stdio.o)
                0x800044bc                __swrite
 .text.__sseek  0x80004544       0x78 /opt/xpack-riscv-none-elf-gcc-13.2.0-2/bin/../lib/gcc/riscv-none-elf/13.2.0/../../../../riscv-none-elf/lib/rv32im/ilp32/libc.a(libc_a-stdio.o)
                0x80004544                __sseek
 .text.__sclose
                0x800045bc        0x8 /opt/xpack-riscv-none-elf-gcc-13.2.0-2/bin/../lib/gcc/riscv-none-elf/13.2.0/../../../../riscv-none-elf/lib/rv32im/ilp32/libc.a(libc_a-stdio.o)
                0x800045bc                __sclose
 .text.memchr   0x800045c4       0xc4 /opt/xpack-riscv-none-elf-gcc-13.2.0-2/bin/../lib/gcc/riscv-none-elf/13.2.0/../../../../riscv-none-elf/lib/rv32im/ilp32/libc.a(libc_a-memchr.o)
                0x800045c4                memchr
 .text.strncpy  0x80004688       0xac /opt/xpack-riscv-none-elf-gcc-13.2.0-2/bin/../lib/gcc/riscv-none-elf/13.2.0/../../../../riscv-none-elf/lib/rv32im/ilp32/libc.a(libc_a-strncpy.o)
                0x80004688                strncpy
 .text.__locale_mb_cur_max
                0x80004734        0xc /opt/xpack-riscv-none-elf-gcc-13.2.0-2/bin/../lib/gcc/riscv-none-elf/13.2.0/../../../../riscv-none-elf/lib/rv32im/ilp32/libc.a(libc_a-locale.o)
                0x80004734                __locale_mb_cur_max
 .text._localeconv_r
                0x80004740        0xc /opt/xpack-riscv-none-elf-gcc-13.2.0-2/bin/../lib/gcc/riscv-none-elf/13.2.0/../../../../riscv-none-elf/lib/rv32im/ilp32/libc.a(libc_a-localeconv.o)
                0x80004740                _localeconv_r
 .text._close_r
                0x8000474c       0x58 /opt/xpack-riscv-none-elf-gcc-13.2.0-2/bin/../lib/gcc/riscv-none-elf/13.2.0/../../../../riscv-none-elf/lib/rv32im/ilp32/libc.a(libc_a-closer.o)
                0x8000474c                _close_r
 .text._lseek_r
                0x800047a4       0x64 /opt/xpack-riscv-none-elf-gcc-13.2.0-2/bin/../lib/gcc/riscv-none-elf/13.2.0/../../../../riscv-none-elf/lib/rv32im/ilp32/libc.a(libc_a-lseekr.o)
                0x800047a4                _lseek_r
 .text._read_r  0x80004808       0x64 /opt/xpack-riscv-none-elf-gcc-13.2.0-2/bin/../lib/gcc/riscv-none-elf/13.2.0/../../../../riscv-none-elf/lib/rv32im/ilp32/libc.a(libc_a-readr.o)
                0x80004808                _read_r
 .text._sbrk_r  0x8000486c       0x58 /opt/xpack-riscv-none-elf-gcc-13.2.0-2/bin/../lib/gcc/riscv-none-elf/13.2.0/../../../../riscv-none-elf/lib/rv32im/ilp32/libc.a(libc_a-sbrkr.o)
                0x8000486c                _sbrk_r
 .text._write_r
                0x800048c4       0x64 /opt/xpack-riscv-none-elf-gcc-13.2.0-2/bin/../lib/gcc/riscv-none-elf/13.2.0/../../../../riscv-none-elf/lib/rv32im/ilp32/libc.a(libc_a-writer.o)
                0x800048c4                _write_r
 .text.__retarget_lock_init_recursive
                0x80004928        0x4 /opt/xpack-riscv-none-elf-gcc-13.2.0-2/bin/../lib/gcc/riscv-none-elf/13.2.0/../../../../riscv-none-elf/lib/rv32im/ilp32/libc.a(libc_a-lock.o)
                0x80004928                __retarget_lock_init_recursive
 .text.__retarget_lock_close_recursive
                0x8000492c        0x4 /opt/xpack-riscv-none-elf-gcc-13.2.0-2/bin/../lib/gcc/riscv-none-elf/13.2.0/../../../../riscv-none-elf/lib/rv32im/ilp32/libc.a(libc_a-lock.o)
                0x8000492c                __retarget_lock_close_recursive
 .text.__retarget_lock_acquire_recursive
                0x80004930        0x4 /opt/xpack-riscv-none-elf-gcc-13.2.0-2/bin/../lib/gcc/riscv-none-elf/13.2.0/../../../../riscv-none-elf/lib/rv32im/ilp32/libc.a(libc_a-lock.o)
                0x80004930                __retarget_lock_acquire_recursive
 .text.__retarget_lock_release_recursive
                0x80004934        0x4 /opt/xpack-riscv-none-elf-gcc-13.2.0-2/bin/../lib/gcc/riscv-none-elf/13.2.0/../../../../riscv-none-elf/lib/rv32im/ilp32/libc.a(libc_a-lock.o)
                0x80004934                __retarget_lock_release_recursive
 .text          0x80004938       0xdc /opt/xpack-riscv-none-elf-gcc-13.2.0-2/bin/../lib/gcc/riscv-none-elf/13.2.0/../../../../riscv-none-elf/lib/rv32im/ilp32/libc.a(libc_a-memset.o)
                0x80004938                memset
 .text.strlen   0x80004a14       0x8c /opt/xpack-riscv-none-elf-gcc-13.2.0-2/bin/../lib/gcc/riscv-none-elf/13.2.0/../../../../riscv-none-elf/lib/rv32im/ilp32/libc.a(libc_a-strlen.o)
                0x80004a14                strlen
 .text.frexp    0x80004aa0       0xb4 /opt/xpack-riscv-none-elf-gcc-13.2.0-2/bin/../lib/gcc/riscv-none-elf/13.2.0/../../../../riscv-none-elf/lib/rv32im/ilp32/libc.a(libm_a-s_frexp.o)
                0x80004aa0                frexp
 .text.quorem   0x80004b54      0x1e8 /opt/xpack-riscv-none-elf-gcc-13.2.0-2/bin/../lib/gcc/riscv-none-elf/13.2.0/../../../../riscv-none-elf/lib/rv32im/ilp32/libc.a(libc_a-dtoa.o)
 .text._dtoa_r  0x80004d3c     0x1684 /opt/xpack-riscv-none-elf-gcc-13.2.0-2/bin/../lib/gcc/riscv-none-elf/13.2.0/../../../../riscv-none-elf/lib/rv32im/ilp32/libc.a(libc_a-dtoa.o)
                0x80004d3c                _dtoa_r
 .text.__ascii_mbtowc
                0x800063c0       0x68 /opt/xpack-riscv-none-elf-gcc-13.2.0-2/bin/../lib/gcc/riscv-none-elf/13.2.0/../../../../riscv-none-elf/lib/rv32im/ilp32/libc.a(libc_a-mbtowc_r.o)
                0x800063c0                __ascii_mbtowc
 .text._Balloc  0x80006428       0xb4 /opt/xpack-riscv-none-elf-gcc-13.2.0-2/bin/../lib/gcc/riscv-none-elf/13.2.0/../../../../riscv-none-elf/lib/rv32im/ilp32/libc.a(libc_a-mprec.o)
                0x80006428                _Balloc
 .text._Bfree   0x800064dc       0x24 /opt/xpack-riscv-none-elf-gcc-13.2.0-2/bin/../lib/gcc/riscv-none-elf/13.2.0/../../../../riscv-none-elf/lib/rv32im/ilp32/libc.a(libc_a-mprec.o)
                0x800064dc                _Bfree
 .text.__multadd
                0x80006500      0x14c /opt/xpack-riscv-none-elf-gcc-13.2.0-2/bin/../lib/gcc/riscv-none-elf/13.2.0/../../../../riscv-none-elf/lib/rv32im/ilp32/libc.a(libc_a-mprec.o)
                0x80006500                __multadd
 .text.__hi0bits
                0x8000664c       0x78 /opt/xpack-riscv-none-elf-gcc-13.2.0-2/bin/../lib/gcc/riscv-none-elf/13.2.0/../../../../riscv-none-elf/lib/rv32im/ilp32/libc.a(libc_a-mprec.o)
                0x8000664c                __hi0bits
 .text.__lo0bits
                0x800066c4       0xe0 /opt/xpack-riscv-none-elf-gcc-13.2.0-2/bin/../lib/gcc/riscv-none-elf/13.2.0/../../../../riscv-none-elf/lib/rv32im/ilp32/libc.a(libc_a-mprec.o)
                0x800066c4                __lo0bits
 .text.__i2b    0x800067a4       0xb0 /opt/xpack-riscv-none-elf-gcc-13.2.0-2/bin/../lib/gcc/riscv-none-elf/13.2.0/../../../../riscv-none-elf/lib/rv32im/ilp32/libc.a(libc_a-mprec.o)
                0x800067a4                __i2b
 .text.__multiply
                0x80006854      0x234 /opt/xpack-riscv-none-elf-gcc-13.2.0-2/bin/../lib/gcc/riscv-none-elf/13.2.0/../../../../riscv-none-elf/lib/rv32im/ilp32/libc.a(libc_a-mprec.o)
                0x80006854                __multiply
 .text.__pow5mult
                0x80006a88      0x150 /opt/xpack-riscv-none-elf-gcc-13.2.0-2/bin/../lib/gcc/riscv-none-elf/13.2.0/../../../../riscv-none-elf/lib/rv32im/ilp32/libc.a(libc_a-mprec.o)
                0x80006a88                __pow5mult
 .text.__lshift
                0x80006bd8      0x190 /opt/xpack-riscv-none-elf-gcc-13.2.0-2/bin/../lib/gcc/riscv-none-elf/13.2.0/../../../../riscv-none-elf/lib/rv32im/ilp32/libc.a(libc_a-mprec.o)
                0x80006bd8                __lshift
 .text.__mcmp   0x80006d68       0x58 /opt/xpack-riscv-none-elf-gcc-13.2.0-2/bin/../lib/gcc/riscv-none-elf/13.2.0/../../../../riscv-none-elf/lib/rv32im/ilp32/libc.a(libc_a-mprec.o)
                0x80006d68                __mcmp
 .text.__mdiff  0x80006dc0      0x260 /opt/xpack-riscv-none-elf-gcc-13.2.0-2/bin/../lib/gcc/riscv-none-elf/13.2.0/../../../../riscv-none-elf/lib/rv32im/ilp32/libc.a(libc_a-mprec.o)
                0x80006dc0                __mdiff
 .text.__d2b    0x80007020      0x158 /opt/xpack-riscv-none-elf-gcc-13.2.0-2/bin/../lib/gcc/riscv-none-elf/13.2.0/../../../../riscv-none-elf/lib/rv32im/ilp32/libc.a(libc_a-mprec.o)
                0x80007020                __d2b
 .text.__ascii_wctomb
                0x80007178       0x30 /opt/xpack-riscv-none-elf-gcc-13.2.0-2/bin/../lib/gcc/riscv-none-elf/13.2.0/../../../../riscv-none-elf/lib/rv32im/ilp32/libc.a(libc_a-wctomb_r.o)
                0x80007178                __ascii_wctomb
 .text._wcrtomb_r
                0x800071a8       0x8c /opt/xpack-riscv-none-elf-gcc-13.2.0-2/bin/../lib/gcc/riscv-none-elf/13.2.0/../../../../riscv-none-elf/lib/rv32im/ilp32/libc.a(libc_a-wcrtomb.o)
                0x800071a8                _wcrtomb_r
 .text._wcsrtombs_r
                0x80007234       0x10 /opt/xpack-riscv-none-elf-gcc-13.2.0-2/bin/../lib/gcc/riscv-none-elf/13.2.0/../../../../riscv-none-elf/lib/rv32im/ilp32/libc.a(libc_a-wcsrtombs.o)
                0x80007234                _wcsrtombs_r
 .text.__ssprint_r
                0x80007244      0x1f8 /opt/xpack-riscv-none-elf-gcc-13.2.0-2/bin/../lib/gcc/riscv-none-elf/13.2.0/../../../../riscv-none-elf/lib/rv32im/ilp32/libc.a(libc_a-svfiprintf.o)
                0x80007244                __ssprint_r
 .text._fclose_r
                0x8000743c      0x170 /opt/xpack-riscv-none-elf-gcc-13.2.0-2/bin/../lib/gcc/riscv-none-elf/13.2.0/../../../../riscv-none-elf/lib/rv32im/ilp32/libc.a(libc_a-fclose.o)
                0x8000743c                _fclose_r
 .text.__sflush_r
                0x800075ac      0x24c /opt/xpack-riscv-none-elf-gcc-13.2.0-2/bin/../lib/gcc/riscv-none-elf/13.2.0/../../../../riscv-none-elf/lib/rv32im/ilp32/libc.a(libc_a-fflush.o)
                0x800075ac                __sflush_r
 .text._fflush_r
                0x800077f8       0xe0 /opt/xpack-riscv-none-elf-gcc-13.2.0-2/bin/../lib/gcc/riscv-none-elf/13.2.0/../../../../riscv-none-elf/lib/rv32im/ilp32/libc.a(libc_a-fflush.o)
                0x800077f8                _fflush_r
 .text.__errno  0x800078d8        0xc /opt/xpack-riscv-none-elf-gcc-13.2.0-2/bin/../lib/gcc/riscv-none-elf/13.2.0/../../../../riscv-none-elf/lib/rv32im/ilp32/libc.a(libc_a-errno.o)
                0x800078d8                __errno
 .text.memmove  0x800078e4      0x10c /opt/xpack-riscv-none-elf-gcc-13.2.0-2/bin/../lib/gcc/riscv-none-elf/13.2.0/../../../../riscv-none-elf/lib/rv32im/ilp32/libc.a(libc_a-memmove-stub.o)
                0x800078e4                memmove
 .text.memcpy   0x800079f0      0x1a4 /opt/xpack-riscv-none-elf-gcc-13.2.0-2/bin/../lib/gcc/riscv-none-elf/13.2.0/../../../../riscv-none-elf/lib/rv32im/ilp32/libc.a(libc_a-memcpy.o)
                0x800079f0                memcpy
 .text.__assert_func
                0x80007b94       0x58 /opt/xpack-riscv-none-elf-gcc-13.2.0-2/bin/../lib/gcc/riscv-none-elf/13.2.0/../../../../riscv-none-elf/lib/rv32im/ilp32/libc.a(libc_a-assert.o)
                0x80007b94                __assert_func
 .text._calloc_r
                0x80007bec       0xe8 /opt/xpack-riscv-none-elf-gcc-13.2.0-2/bin/../lib/gcc/riscv-none-elf/13.2.0/../../../../riscv-none-elf/lib/rv32im/ilp32/libc.a(libc_a-callocr.o)
                0x80007bec                _calloc_r
 .text._realloc_r
                0x80007cd4      0x570 /opt/xpack-riscv-none-elf-gcc-13.2.0-2/bin/../lib/gcc/riscv-none-elf/13.2.0/../../../../riscv-none-elf/lib/rv32im/ilp32/libc.a(libc_a-reallocr.o)
                0x80007cd4                _realloc_r
 .text._wcsnrtombs_l
                0x80008244      0x1c0 /opt/xpack-riscv-none-elf-gcc-13.2.0-2/bin/../lib/gcc/riscv-none-elf/13.2.0/../../../../riscv-none-elf/lib/rv32im/ilp32/libc.a(libc_a-wcsnrtombs.o)
                0x80008244                _wcsnrtombs_l
 .text._wcsnrtombs_r
                0x80008404       0x14 /opt/xpack-riscv-none-elf-gcc-13.2.0-2/bin/../lib/gcc/riscv-none-elf/13.2.0/../../../../riscv-none-elf/lib/rv32im/ilp32/libc.a(libc_a-wcsnrtombs.o)
                0x80008404                _wcsnrtombs_r
 .text.fiprintf
                0x80008418       0x4c /opt/xpack-riscv-none-elf-gcc-13.2.0-2/bin/../lib/gcc/riscv-none-elf/13.2.0/../../../../riscv-none-elf/lib/rv32im/ilp32/libc.a(libc_a-fiprintf.o)
                0x80008418                fiprintf
 .text.__sprint_r.part.0
                0x80008464      0x124 /opt/xpack-riscv-none-elf-gcc-13.2.0-2/bin/../lib/gcc/riscv-none-elf/13.2.0/../../../../riscv-none-elf/lib/rv32im/ilp32/libc.a(libc_a-vfiprintf.o)
 .text._vfiprintf_r
                0x80008588     0x17d8 /opt/xpack-riscv-none-elf-gcc-13.2.0-2/bin/../lib/gcc/riscv-none-elf/13.2.0/../../../../riscv-none-elf/lib/rv32im/ilp32/libc.a(libc_a-vfiprintf.o)
                0x80008588                _vfiprintf_r
 .text.__sbprintf
                0x80009d60       0xf8 /opt/xpack-riscv-none-elf-gcc-13.2.0-2/bin/../lib/gcc/riscv-none-elf/13.2.0/../../../../riscv-none-elf/lib/rv32im/ilp32/libc.a(libc_a-vfiprintf.o)
 .text.__sfvwrite_r
                0x80009e58      0x510 /opt/xpack-riscv-none-elf-gcc-13.2.0-2/bin/../lib/gcc/riscv-none-elf/13.2.0/../../../../riscv-none-elf/lib/rv32im/ilp32/libc.a(libc_a-fvwrite.o)
                0x80009e58                __sfvwrite_r
 .text.__swsetup_r
                0x8000a368      0x144 /opt/xpack-riscv-none-elf-gcc-13.2.0-2/bin/../lib/gcc/riscv-none-elf/13.2.0/../../../../riscv-none-elf/lib/rv32im/ilp32/libc.a(libc_a-wsetup.o)
                0x8000a368                __swsetup_r
 .text.__fputwc
                0x8000a4ac      0x160 /opt/xpack-riscv-none-elf-gcc-13.2.0-2/bin/../lib/gcc/riscv-none-elf/13.2.0/../../../../riscv-none-elf/lib/rv32im/ilp32/libc.a(libc_a-fputwc.o)
                0x8000a4ac                __fputwc
 .text._fputwc_r
                0x8000a60c       0xcc /opt/xpack-riscv-none-elf-gcc-13.2.0-2/bin/../lib/gcc/riscv-none-elf/13.2.0/../../../../riscv-none-elf/lib/rv32im/ilp32/libc.a(libc_a-fputwc.o)
                0x8000a60c                _fputwc_r
 .text.abort    0x8000a6d8       0x18 /opt/xpack-riscv-none-elf-gcc-13.2.0-2/bin/../lib/gcc/riscv-none-elf/13.2.0/../../../../riscv-none-elf/lib/rv32im/ilp32/libc.a(libc_a-abort.o)
                0x8000a6d8                abort
 .text.__smakebuf_r
                0x8000a6f0      0x198 /opt/xpack-riscv-none-elf-gcc-13.2.0-2/bin/../lib/gcc/riscv-none-elf/13.2.0/../../../../riscv-none-elf/lib/rv32im/ilp32/libc.a(libc_a-makebuf.o)
                0x8000a6f0                __smakebuf_r
 .text.__swbuf_r
                0x8000a888      0x190 /opt/xpack-riscv-none-elf-gcc-13.2.0-2/bin/../lib/gcc/riscv-none-elf/13.2.0/../../../../riscv-none-elf/lib/rv32im/ilp32/libc.a(libc_a-wbuf.o)
                0x8000a888                __swbuf_r
 .text.raise    0x8000aa18       0xc4 /opt/xpack-riscv-none-elf-gcc-13.2.0-2/bin/../lib/gcc/riscv-none-elf/13.2.0/../../../../riscv-none-elf/lib/rv32im/ilp32/libc.a(libc_a-signal.o)
                0x8000aa18                raise
 .text._fstat_r
                0x8000aadc       0x60 /opt/xpack-riscv-none-elf-gcc-13.2.0-2/bin/../lib/gcc/riscv-none-elf/13.2.0/../../../../riscv-none-elf/lib/rv32im/ilp32/libc.a(libc_a-fstatr.o)
                0x8000aadc                _fstat_r
 .text._isatty_r
                0x8000ab3c       0x58 /opt/xpack-riscv-none-elf-gcc-13.2.0-2/bin/../lib/gcc/riscv-none-elf/13.2.0/../../../../riscv-none-elf/lib/rv32im/ilp32/libc.a(libc_a-isattyr.o)
                0x8000ab3c                _isatty_r
 .text._kill_r  0x8000ab94       0x60 /opt/xpack-riscv-none-elf-gcc-13.2.0-2/bin/../lib/gcc/riscv-none-elf/13.2.0/../../../../riscv-none-elf/lib/rv32im/ilp32/libc.a(libc_a-signalr.o)
                0x8000ab94                _kill_r
 .text._getpid_r
                0x8000abf4        0x4 /opt/xpack-riscv-none-elf-gcc-13.2.0-2/bin/../lib/gcc/riscv-none-elf/13.2.0/../../../../riscv-none-elf/lib/rv32im/ilp32/libc.a(libc_a-signalr.o)
                0x8000abf4                _getpid_r
 .text.__adddf3
                0x8000abf8      0x8c8 /opt/xpack-riscv-none-elf-gcc-13.2.0-2/bin/../lib/gcc/riscv-none-elf/13.2.0/rv32im/ilp32/libgcc.a(adddf3.o)
                0x8000abf8                __adddf3
 .text.__divdf3
                0x8000b4c0      0x790 /opt/xpack-riscv-none-elf-gcc-13.2.0-2/bin/../lib/gcc/riscv-none-elf/13.2.0/rv32im/ilp32/libgcc.a(divdf3.o)
                0x8000b4c0                __divdf3
 .text.__eqdf2  0x8000bc50       0x8c /opt/xpack-riscv-none-elf-gcc-13.2.0-2/bin/../lib/gcc/riscv-none-elf/13.2.0/rv32im/ilp32/libgcc.a(eqdf2.o)
                0x8000bc50                __eqdf2
                0x8000bc50                __nedf2
 .text.__gedf2  0x8000bcdc      0x100 /opt/xpack-riscv-none-elf-gcc-13.2.0-2/bin/../lib/gcc/riscv-none-elf/13.2.0/rv32im/ilp32/libgcc.a(gedf2.o)
                0x8000bcdc                __gtdf2
                0x8000bcdc                __gedf2
 .text.__ledf2  0x8000bddc      0x108 /opt/xpack-riscv-none-elf-gcc-13.2.0-2/bin/../lib/gcc/riscv-none-elf/13.2.0/rv32im/ilp32/libgcc.a(ledf2.o)
                0x8000bddc                __ltdf2
                0x8000bddc                __ledf2
 .text.__muldf3
                0x8000bee4      0x6d8 /opt/xpack-riscv-none-elf-gcc-13.2.0-2/bin/../lib/gcc/riscv-none-elf/13.2.0/rv32im/ilp32/libgcc.a(muldf3.o)
                0x8000bee4                __muldf3
 .text.__subdf3
                0x8000c5bc      0x908 /opt/xpack-riscv-none-elf-gcc-13.2.0-2/bin/../lib/gcc/riscv-none-elf/13.2.0/rv32im/ilp32/libgcc.a(subdf3.o)
                0x8000c5bc                __subdf3
 .text.__unorddf2
                0x8000cec4       0x54 /opt/xpack-riscv-none-elf-gcc-13.2.0-2/bin/../lib/gcc/riscv-none-elf/13.2.0/rv32im/ilp32/libgcc.a(unorddf2.o)
                0x8000cec4                __unorddf2
 .text.__fixdfsi
                0x8000cf18       0x84 /opt/xpack-riscv-none-elf-gcc-13.2.0-2/bin/../lib/gcc/riscv-none-elf/13.2.0/rv32im/ilp32/libgcc.a(fixdfsi.o)
                0x8000cf18                __fixdfsi
 .text.__floatsidf
                0x8000cf9c       0xb8 /opt/xpack-riscv-none-elf-gcc-13.2.0-2/bin/../lib/gcc/riscv-none-elf/13.2.0/rv32im/ilp32/libgcc.a(floatsidf.o)
                0x8000cf9c                __floatsidf
 .text.__floatunsidf
                0x8000d054       0xc4 /opt/xpack-riscv-none-elf-gcc-13.2.0-2/bin/../lib/gcc/riscv-none-elf/13.2.0/rv32im/ilp32/libgcc.a(floatunsidf.o)
                0x8000d054                __floatunsidf
 .text.__trunctfdf2
                0x8000d118      0x3dc /opt/xpack-riscv-none-elf-gcc-13.2.0-2/bin/../lib/gcc/riscv-none-elf/13.2.0/rv32im/ilp32/libgcc.a(trunctfdf2.o)
                0x8000d118                __trunctfdf2
 .text.__clzsi2
                0x8000d4f4       0x88 /opt/xpack-riscv-none-elf-gcc-13.2.0-2/bin/../lib/gcc/riscv-none-elf/13.2.0/rv32im/ilp32/libgcc.a(_clzsi2.o)
                0x8000d4f4                __clzsi2
 *(.gnu.linkonce.t.*)

.rodata         0x8000d580      0x958
 *(.rodata .rodata.*)
 .rodata        0x8000d580       0x71 build/main.o
 *fill*         0x8000d5f1        0x3 
 .rodata._svfprintf_r.str1.4
                0x8000d5f4      0x1ef /opt/xpack-riscv-none-elf-gcc-13.2.0-2/bin/../lib/gcc/riscv-none-elf/13.2.0/../../../../riscv-none-elf/lib/rv32im/ilp32/libc.a(libc_a-svfprintf.o)
                                 0x42 (size before relaxing)
 *fill*         0x8000d7e3        0x1 
 .rodata._svfprintf_r
                0x8000d7e4      0x204 /opt/xpack-riscv-none-elf-gcc-13.2.0-2/bin/../lib/gcc/riscv-none-elf/13.2.0/../../../../riscv-none-elf/lib/rv32im/ilp32/libc.a(libc_a-svfprintf.o)
 .rodata.zeroes.0
                0x8000d9e8       0x10 /opt/xpack-riscv-none-elf-gcc-13.2.0-2/bin/../lib/gcc/riscv-none-elf/13.2.0/../../../../riscv-none-elf/lib/rv32im/ilp32/libc.a(libc_a-svfprintf.o)
 .rodata.blanks.1
                0x8000d9f8       0x10 /opt/xpack-riscv-none-elf-gcc-13.2.0-2/bin/../lib/gcc/riscv-none-elf/13.2.0/../../../../riscv-none-elf/lib/rv32im/ilp32/libc.a(libc_a-svfprintf.o)
 .rodata.str1.4
                0x8000da08       0x4c /opt/xpack-riscv-none-elf-gcc-13.2.0-2/bin/../lib/gcc/riscv-none-elf/13.2.0/../../../../riscv-none-elf/lib/rv32im/ilp32/libc.a(libc_a-locale.o)
 .rodata._dtoa_r.str1.4
                0x8000da08       0xa7 /opt/xpack-riscv-none-elf-gcc-13.2.0-2/bin/../lib/gcc/riscv-none-elf/13.2.0/../../../../riscv-none-elf/lib/rv32im/ilp32/libc.a(libc_a-dtoa.o)
 .rodata.__multadd.str1.4
                0x8000da08       0x94 /opt/xpack-riscv-none-elf-gcc-13.2.0-2/bin/../lib/gcc/riscv-none-elf/13.2.0/../../../../riscv-none-elf/lib/rv32im/ilp32/libc.a(libc_a-mprec.o)
 .rodata.p05.0  0x8000da08        0xc /opt/xpack-riscv-none-elf-gcc-13.2.0-2/bin/../lib/gcc/riscv-none-elf/13.2.0/../../../../riscv-none-elf/lib/rv32im/ilp32/libc.a(libc_a-mprec.o)
 *fill*         0x8000da14        0x4 
 .rodata.__mprec_bigtens
                0x8000da18       0x28 /opt/xpack-riscv-none-elf-gcc-13.2.0-2/bin/../lib/gcc/riscv-none-elf/13.2.0/../../../../riscv-none-elf/lib/rv32im/ilp32/libc.a(libc_a-mprec.o)
                0x8000da18                __mprec_bigtens
 .rodata.__mprec_tens
                0x8000da40       0xc8 /opt/xpack-riscv-none-elf-gcc-13.2.0-2/bin/../lib/gcc/riscv-none-elf/13.2.0/../../../../riscv-none-elf/lib/rv32im/ilp32/libc.a(libc_a-mprec.o)
                0x8000da40                __mprec_tens
 .rodata._ctype_
                0x8000db08      0x101 /opt/xpack-riscv-none-elf-gcc-13.2.0-2/bin/../lib/gcc/riscv-none-elf/13.2.0/../../../../riscv-none-elf/lib/rv32im/ilp32/libc.a(libc_a-ctype_.o)
                0x8000db08                _ctype_
 .rodata.__assert_func.str1.4
                0x8000dc09       0x43 /opt/xpack-riscv-none-elf-gcc-13.2.0-2/bin/../lib/gcc/riscv-none-elf/13.2.0/../../../../riscv-none-elf/lib/rv32im/ilp32/libc.a(libc_a-assert.o)
 .rodata._vfiprintf_r.str1.4
                0x8000dc09       0x2f /opt/xpack-riscv-none-elf-gcc-13.2.0-2/bin/../lib/gcc/riscv-none-elf/13.2.0/../../../../riscv-none-elf/lib/rv32im/ilp32/libc.a(libc_a-vfiprintf.o)
 *fill*         0x8000dc09        0x3 
 .rodata._vfiprintf_r
                0x8000dc0c      0x16c /opt/xpack-riscv-none-elf-gcc-13.2.0-2/bin/../lib/gcc/riscv-none-elf/13.2.0/../../../../riscv-none-elf/lib/rv32im/ilp32/libc.a(libc_a-vfiprintf.o)
 .rodata.zeroes.0
                0x8000dd78       0x10 /opt/xpack-riscv-none-elf-gcc-13.2.0-2/bin/../lib/gcc/riscv-none-elf/13.2.0/../../../../riscv-none-elf/lib/rv32im/ilp32/libc.a(libc_a-vfiprintf.o)
 .rodata.blanks.1
                0x8000dd88       0x10 /opt/xpack-riscv-none-elf-gcc-13.2.0-2/bin/../lib/gcc/riscv-none-elf/13.2.0/../../../../riscv-none-elf/lib/rv32im/ilp32/libc.a(libc_a-vfiprintf.o)
 .rodata.__divdf3
                0x8000dd98       0x40 /opt/xpack-riscv-none-elf-gcc-13.2.0-2/bin/../lib/gcc/riscv-none-elf/13.2.0/rv32im/ilp32/libgcc.a(divdf3.o)
 .rodata.__clz_tab
                0x8000ddd8      0x100 /opt/xpack-riscv-none-elf-gcc-13.2.0-2/bin/../lib/gcc/riscv-none-elf/13.2.0/rv32im/ilp32/libgcc.a(_clz.o)
                0x8000ddd8                __clz_tab
 *(.gnu.linkonce.r.*)

.srodata.cst8   0x8000ded8       0x68
 .srodata.cst8  0x8000ded8       0x68 /opt/xpack-riscv-none-elf-gcc-13.2.0-2/bin/../lib/gcc/riscv-none-elf/13.2.0/../../../../riscv-none-elf/lib/rv32im/ilp32/libc.a(libc_a-svfprintf.o)
                                 0x20 (size before relaxing)
 .srodata.cst8  0x8000df40        0x8 /opt/xpack-riscv-none-elf-gcc-13.2.0-2/bin/../lib/gcc/riscv-none-elf/13.2.0/../../../../riscv-none-elf/lib/rv32im/ilp32/libc.a(libm_a-s_frexp.o)
 .srodata.cst8  0x8000df40       0x48 /opt/xpack-riscv-none-elf-gcc-13.2.0-2/bin/../lib/gcc/riscv-none-elf/13.2.0/../../../../riscv-none-elf/lib/rv32im/ilp32/libc.a(libc_a-dtoa.o)

.rela.dyn       0x8000df40        0x0
 .rela.sdata.end_of_data.0
                0x8000df40        0x0 build/main.o
 .rela.init     0x8000df40        0x0 build/main.o

.data           0x8000df40      0x6b8
                0x8000df40                        _sdata = .
 *(.sdata .sdata.*)
 .sdata.end_of_data.0
                0x8000df40        0x4 build/src/stub_stdlib.o
 .sdata.UART0_DEV
                0x8000df44        0x4 build/src/soc_uart.o
                0x8000df44                UART0_DEV
 .sdata.GPIO0_DEV
                0x8000df48        0x4 build/src/soc_emu_gpio.o
                0x8000df48                GPIO0_DEV
 .sdata._impure_ptr
                0x8000df4c        0x4 /opt/xpack-riscv-none-elf-gcc-13.2.0-2/bin/../lib/gcc/riscv-none-elf/13.2.0/../../../../riscv-none-elf/lib/rv32im/ilp32/libc.a(libc_a-impure.o)
                0x8000df4c                _impure_ptr
 .sdata.__malloc_sbrk_base
                0x8000df50        0x4 /opt/xpack-riscv-none-elf-gcc-13.2.0-2/bin/../lib/gcc/riscv-none-elf/13.2.0/../../../../riscv-none-elf/lib/rv32im/ilp32/libc.a(libc_a-mallocr.o)
                0x8000df50                __malloc_sbrk_base
 .sdata.__malloc_trim_threshold
                0x8000df54        0x4 /opt/xpack-riscv-none-elf-gcc-13.2.0-2/bin/../lib/gcc/riscv-none-elf/13.2.0/../../../../riscv-none-elf/lib/rv32im/ilp32/libc.a(libc_a-mallocr.o)
                0x8000df54                __malloc_trim_threshold
 *(.data .data.*)
 .data._impure_data
                0x8000df58      0x120 /opt/xpack-riscv-none-elf-gcc-13.2.0-2/bin/../lib/gcc/riscv-none-elf/13.2.0/../../../../riscv-none-elf/lib/rv32im/ilp32/libc.a(libc_a-impure.o)
                0x8000df58                _impure_data
 .data.__malloc_av_
                0x8000e078      0x408 /opt/xpack-riscv-none-elf-gcc-13.2.0-2/bin/../lib/gcc/riscv-none-elf/13.2.0/../../../../riscv-none-elf/lib/rv32im/ilp32/libc.a(libc_a-mallocr.o)
                0x8000e078                __malloc_av_
 .data.__sglue  0x8000e480        0xc /opt/xpack-riscv-none-elf-gcc-13.2.0-2/bin/../lib/gcc/riscv-none-elf/13.2.0/../../../../riscv-none-elf/lib/rv32im/ilp32/libc.a(libc_a-findfp.o)
                0x8000e480                __sglue
 .data.__global_locale
                0x8000e48c      0x16c /opt/xpack-riscv-none-elf-gcc-13.2.0-2/bin/../lib/gcc/riscv-none-elf/13.2.0/../../../../riscv-none-elf/lib/rv32im/ilp32/libc.a(libc_a-locale.o)
                0x8000e48c                __global_locale
 *(.gnu.linkonce.d.*)
                0x8000e5f8                        _edata = .
                0x8000df40                        _sidata = LOADADDR (.data)

.bss            0x8000e5f8      0x260
                0x8000e5f8                        _sbss = .
 *(.bss .bss.*)
 .bss.wr_buffer
                0x8000e5f8      0x100 build/main.o
 .bss.__malloc_current_mallinfo
                0x8000e6f8       0x28 /opt/xpack-riscv-none-elf-gcc-13.2.0-2/bin/../lib/gcc/riscv-none-elf/13.2.0/../../../../riscv-none-elf/lib/rv32im/ilp32/libc.a(libc_a-mallocr.o)
                0x8000e6f8                __malloc_current_mallinfo
 .bss.__sf      0x8000e720      0x138 /opt/xpack-riscv-none-elf-gcc-13.2.0-2/bin/../lib/gcc/riscv-none-elf/13.2.0/../../../../riscv-none-elf/lib/rv32im/ilp32/libc.a(libc_a-findfp.o)
                0x8000e720                __sf
 *(COMMON)
                0x8000e858                        _ebss = .
                0x88000000                        . = (ORIGIN (RAM) + LENGTH (RAM))
                0x88000000                        PROVIDE (_stack_top = .)
                0x88000000                        PROVIDE (_end = .)
OUTPUT(build/app.elf elf32-littleriscv)

.sbss.errno     0x8000e858        0x4
 .sbss.errno    0x8000e858        0x4 /opt/xpack-riscv-none-elf-gcc-13.2.0-2/bin/../lib/gcc/riscv-none-elf/13.2.0/../../../../riscv-none-elf/lib/rv32im/ilp32/libc.a(libc_a-reent.o)
                0x8000e858                errno

.sbss.__malloc_max_total_mem
                0x8000e85c        0x4
 .sbss.__malloc_max_total_mem
                0x8000e85c        0x4 /opt/xpack-riscv-none-elf-gcc-13.2.0-2/bin/../lib/gcc/riscv-none-elf/13.2.0/../../../../riscv-none-elf/lib/rv32im/ilp32/libc.a(libc_a-mallocr.o)
                0x8000e85c                __malloc_max_total_mem

.sbss.__malloc_max_sbrked_mem
                0x8000e860        0x4
 .sbss.__malloc_max_sbrked_mem
                0x8000e860        0x4 /opt/xpack-riscv-none-elf-gcc-13.2.0-2/bin/../lib/gcc/riscv-none-elf/13.2.0/../../../../riscv-none-elf/lib/rv32im/ilp32/libc.a(libc_a-mallocr.o)
                0x8000e860                __malloc_max_sbrked_mem

.sbss.__malloc_top_pad
                0x8000e864        0x4
 .sbss.__malloc_top_pad
                0x8000e864        0x4 /opt/xpack-riscv-none-elf-gcc-13.2.0-2/bin/../lib/gcc/riscv-none-elf/13.2.0/../../../../riscv-none-elf/lib/rv32im/ilp32/libc.a(libc_a-mallocr.o)
                0x8000e864                __malloc_top_pad

.sbss.__stdio_exit_handler
                0x8000e868        0x4
 .sbss.__stdio_exit_handler
                0x8000e868        0x4 /opt/xpack-riscv-none-elf-gcc-13.2.0-2/bin/../lib/gcc/riscv-none-elf/13.2.0/../../../../riscv-none-elf/lib/rv32im/ilp32/libc.a(libc_a-findfp.o)
                0x8000e868                __stdio_exit_handler

.sbss.__lock___malloc_recursive_mutex
                0x8000e86c        0x1
 .sbss.__lock___malloc_recursive_mutex
                0x8000e86c        0x1 /opt/xpack-riscv-none-elf-gcc-13.2.0-2/bin/../lib/gcc/riscv-none-elf/13.2.0/../../../../riscv-none-elf/lib/rv32im/ilp32/libc.a(libc_a-lock.o)
                0x8000e86c                __lock___malloc_recursive_mutex

.sbss.__lock___sfp_recursive_mutex
                0x8000e870        0x1
 .sbss.__lock___sfp_recursive_mutex
                0x8000e870        0x1 /opt/xpack-riscv-none-elf-gcc-13.2.0-2/bin/../lib/gcc/riscv-none-elf/13.2.0/../../../../riscv-none-elf/lib/rv32im/ilp32/libc.a(libc_a-lock.o)
                0x8000e870                __lock___sfp_recursive_mutex

.debug_info     0x00000000      0xecd
 .debug_info    0x00000000      0x19f build/main.o
 .debug_info    0x0000019f      0x4ee build/src/stub_stdlib.o
 .debug_info    0x0000068d      0x50d build/src/soc_uart.o
 .debug_info    0x00000b9a      0x28c build/src/soc_emu_gpio.o
 .debug_info    0x00000e26       0x83 build/src/trap.o
 .debug_info    0x00000ea9       0x24 build/Start.o

.debug_abbrev   0x00000000      0x5df
 .debug_abbrev  0x00000000      0x13e build/main.o
 .debug_abbrev  0x0000013e      0x14d build/src/stub_stdlib.o
 .debug_abbrev  0x0000028b      0x191 build/src/soc_uart.o
 .debug_abbrev  0x0000041c      0x16a build/src/soc_emu_gpio.o
 .debug_abbrev  0x00000586       0x45 build/src/trap.o
 .debug_abbrev  0x000005cb       0x14 build/Start.o

.debug_aranges  0x00000000      0x158
 .debug_aranges
                0x00000000       0x28 build/main.o
 .debug_aranges
                0x00000028       0x70 build/src/stub_stdlib.o
 .debug_aranges
                0x00000098       0x40 build/src/soc_uart.o
 .debug_aranges
                0x000000d8       0x40 build/src/soc_emu_gpio.o
 .debug_aranges
                0x00000118       0x20 build/src/trap.o
 .debug_aranges
                0x00000138       0x20 build/Start.o

.debug_rnglists
                0x00000000       0xd5
 .debug_rnglists
                0x00000000       0x1a build/main.o
 .debug_rnglists
                0x0000001a       0x4f build/src/stub_stdlib.o
 .debug_rnglists
                0x00000069       0x2c build/src/soc_uart.o
 .debug_rnglists
                0x00000095       0x2d build/src/soc_emu_gpio.o
 .debug_rnglists
                0x000000c2       0x13 build/src/trap.o

.debug_macro    0x00000000     0x2c2f
 .debug_macro   0x00000000      0x150 build/main.o
 .debug_macro   0x00000150      0x7a2 build/main.o
 .debug_macro   0x000008f2      0x34e build/main.o
 .debug_macro   0x00000c40       0x22 build/main.o
 .debug_macro   0x00000c62       0x68 build/main.o
 .debug_macro   0x00000cca       0x19 build/main.o
 .debug_macro   0x00000ce3       0x94 build/main.o
 .debug_macro   0x00000d77       0x3b build/main.o
 .debug_macro   0x00000db2       0x34 build/main.o
 .debug_macro   0x00000de6       0x16 build/main.o
 .debug_macro   0x00000dfc       0x57 build/main.o
 .debug_macro   0x00000e53       0x9e build/main.o
 .debug_macro   0x00000ef1      0x369 build/main.o
 .debug_macro   0x0000125a      0x112 build/main.o
 .debug_macro   0x0000136c       0x10 build/main.o
 .debug_macro   0x0000137c       0x16 build/main.o
 .debug_macro   0x00001392       0x4a build/main.o
 .debug_macro   0x000013dc       0x34 build/main.o
 .debug_macro   0x00001410       0x10 build/main.o
 .debug_macro   0x00001420       0x58 build/main.o
 .debug_macro   0x00001478      0x1de build/main.o
 .debug_macro   0x00001656       0x16 build/main.o
 .debug_macro   0x0000166c       0x16 build/main.o
 .debug_macro   0x00001682      0x170 build/main.o
 .debug_macro   0x000017f2       0x16 build/main.o
 .debug_macro   0x00001808       0x16 build/main.o
 .debug_macro   0x0000181e      0x901 build/main.o
 .debug_macro   0x0000211f       0x1c build/main.o
 .debug_macro   0x0000213b       0x10 build/main.o
 .debug_macro   0x0000214b      0x1ab build/src/stub_stdlib.o
 .debug_macro   0x000022f6      0x190 build/src/stub_stdlib.o
 .debug_macro   0x00002486       0x10 build/src/stub_stdlib.o
 .debug_macro   0x00002496       0x3c build/src/stub_stdlib.o
 .debug_macro   0x000024d2       0x10 build/src/stub_stdlib.o
 .debug_macro   0x000024e2       0x10 build/src/stub_stdlib.o
 .debug_macro   0x000024f2       0x10 build/src/stub_stdlib.o
 .debug_macro   0x00002502       0x6a build/src/stub_stdlib.o
 .debug_macro   0x0000256c       0x1c build/src/stub_stdlib.o
 .debug_macro   0x00002588       0x52 build/src/stub_stdlib.o
 .debug_macro   0x000025da       0x22 build/src/stub_stdlib.o
 .debug_macro   0x000025fc       0x10 build/src/stub_stdlib.o
 .debug_macro   0x0000260c       0x52 build/src/stub_stdlib.o
 .debug_macro   0x0000265e       0xcf build/src/stub_stdlib.o
 .debug_macro   0x0000272d       0x1c build/src/stub_stdlib.o
 .debug_macro   0x00002749       0x3d build/src/stub_stdlib.o
 .debug_macro   0x00002786       0x35 build/src/stub_stdlib.o
 .debug_macro   0x000027bb      0x12c build/src/stub_stdlib.o
 .debug_macro   0x000028e7       0x10 build/src/stub_stdlib.o
 .debug_macro   0x000028f7      0x242 build/src/stub_stdlib.o
 .debug_macro   0x00002b39       0x64 build/src/soc_uart.o
 .debug_macro   0x00002b9d       0x10 build/src/soc_uart.o
 .debug_macro   0x00002bad       0x5e build/src/soc_emu_gpio.o
 .debug_macro   0x00002c0b       0x24 build/src/trap.o

.debug_line     0x00000000      0xa14
 .debug_line    0x00000000      0x202 build/main.o
 .debug_line    0x00000202      0x28a build/src/stub_stdlib.o
 .debug_line    0x0000048c      0x1ed build/src/soc_uart.o
 .debug_line    0x00000679      0x273 build/src/soc_emu_gpio.o
 .debug_line    0x000008ec       0x64 build/src/trap.o
 .debug_line    0x00000950       0xc4 build/Start.o

.debug_str      0x00000000     0xb4ab
 .debug_str     0x00000000     0xb4ab build/main.o
                               0x9ddf (size before relaxing)
 .debug_str     0x0000b4ab     0x6f76 build/src/stub_stdlib.o
 .debug_str     0x0000b4ab     0x675b build/src/soc_uart.o
 .debug_str     0x0000b4ab     0x65ee build/src/soc_emu_gpio.o
 .debug_str     0x0000b4ab     0x31e1 build/src/trap.o
 .debug_str     0x0000b4ab       0x38 build/Start.o

.debug_line_str
                0x00000000      0x2dc
 .debug_line_str
                0x00000000      0x2dc build/main.o
                                0x270 (size before relaxing)
 .debug_line_str
                0x000002dc      0x2b9 build/src/stub_stdlib.o
 .debug_line_str
                0x000002dc      0x113 build/src/soc_uart.o
 .debug_line_str
                0x000002dc      0x123 build/src/soc_emu_gpio.o
 .debug_line_str
                0x000002dc       0xc8 build/src/trap.o
 .debug_line_str
                0x000002dc       0x2c build/Start.o

.comment        0x00000000       0x33
 .comment       0x00000000       0x33 build/main.o
                                 0x34 (size before relaxing)
 .comment       0x00000033       0x34 build/src/stub_stdlib.o
 .comment       0x00000033       0x34 build/src/soc_uart.o
 .comment       0x00000033       0x34 build/src/soc_emu_gpio.o
 .comment       0x00000033       0x34 build/src/trap.o
 .comment       0x00000033       0x34 /opt/xpack-riscv-none-elf-gcc-13.2.0-2/bin/../lib/gcc/riscv-none-elf/13.2.0/../../../../riscv-none-elf/lib/rv32im/ilp32/libc.a(libc_a-sprintf.o)
 .comment       0x00000033       0x34 /opt/xpack-riscv-none-elf-gcc-13.2.0-2/bin/../lib/gcc/riscv-none-elf/13.2.0/../../../../riscv-none-elf/lib/rv32im/ilp32/libc.a(libc_a-reent.o)
 .comment       0x00000033       0x34 /opt/xpack-riscv-none-elf-gcc-13.2.0-2/bin/../lib/gcc/riscv-none-elf/13.2.0/../../../../riscv-none-elf/lib/rv32im/ilp32/libc.a(libc_a-impure.o)
 .comment       0x00000033       0x34 /opt/xpack-riscv-none-elf-gcc-13.2.0-2/bin/../lib/gcc/riscv-none-elf/13.2.0/../../../../riscv-none-elf/lib/rv32im/ilp32/libc.a(libc_a-freer.o)
 .comment       0x00000033       0x34 /opt/xpack-riscv-none-elf-gcc-13.2.0-2/bin/../lib/gcc/riscv-none-elf/13.2.0/../../../../riscv-none-elf/lib/rv32im/ilp32/libc.a(libc_a-mallocr.o)
 .comment       0x00000033       0x34 /opt/xpack-riscv-none-elf-gcc-13.2.0-2/bin/../lib/gcc/riscv-none-elf/13.2.0/../../../../riscv-none-elf/lib/rv32im/ilp32/libc.a(libc_a-mlock.o)
 .comment       0x00000033       0x34 /opt/xpack-riscv-none-elf-gcc-13.2.0-2/bin/../lib/gcc/riscv-none-elf/13.2.0/../../../../riscv-none-elf/lib/rv32im/ilp32/libc.a(libc_a-svfprintf.o)
 .comment       0x00000033       0x34 /opt/xpack-riscv-none-elf-gcc-13.2.0-2/bin/../lib/gcc/riscv-none-elf/13.2.0/../../../../riscv-none-elf/lib/rv32im/ilp32/libc.a(libc_a-findfp.o)
 .comment       0x00000033       0x34 /opt/xpack-riscv-none-elf-gcc-13.2.0-2/bin/../lib/gcc/riscv-none-elf/13.2.0/../../../../riscv-none-elf/lib/rv32im/ilp32/libc.a(libc_a-fwalk.o)
 .comment       0x00000033       0x34 /opt/xpack-riscv-none-elf-gcc-13.2.0-2/bin/../lib/gcc/riscv-none-elf/13.2.0/../../../../riscv-none-elf/lib/rv32im/ilp32/libc.a(libc_a-stdio.o)
 .comment       0x00000033       0x34 /opt/xpack-riscv-none-elf-gcc-13.2.0-2/bin/../lib/gcc/riscv-none-elf/13.2.0/../../../../riscv-none-elf/lib/rv32im/ilp32/libc.a(libc_a-memchr.o)
 .comment       0x00000033       0x34 /opt/xpack-riscv-none-elf-gcc-13.2.0-2/bin/../lib/gcc/riscv-none-elf/13.2.0/../../../../riscv-none-elf/lib/rv32im/ilp32/libc.a(libc_a-strncpy.o)
 .comment       0x00000033       0x34 /opt/xpack-riscv-none-elf-gcc-13.2.0-2/bin/../lib/gcc/riscv-none-elf/13.2.0/../../../../riscv-none-elf/lib/rv32im/ilp32/libc.a(libc_a-locale.o)
 .comment       0x00000033       0x34 /opt/xpack-riscv-none-elf-gcc-13.2.0-2/bin/../lib/gcc/riscv-none-elf/13.2.0/../../../../riscv-none-elf/lib/rv32im/ilp32/libc.a(libc_a-localeconv.o)
 .comment       0x00000033       0x34 /opt/xpack-riscv-none-elf-gcc-13.2.0-2/bin/../lib/gcc/riscv-none-elf/13.2.0/../../../../riscv-none-elf/lib/rv32im/ilp32/libc.a(libc_a-closer.o)
 .comment       0x00000033       0x34 /opt/xpack-riscv-none-elf-gcc-13.2.0-2/bin/../lib/gcc/riscv-none-elf/13.2.0/../../../../riscv-none-elf/lib/rv32im/ilp32/libc.a(libc_a-lseekr.o)
 .comment       0x00000033       0x34 /opt/xpack-riscv-none-elf-gcc-13.2.0-2/bin/../lib/gcc/riscv-none-elf/13.2.0/../../../../riscv-none-elf/lib/rv32im/ilp32/libc.a(libc_a-readr.o)
 .comment       0x00000033       0x34 /opt/xpack-riscv-none-elf-gcc-13.2.0-2/bin/../lib/gcc/riscv-none-elf/13.2.0/../../../../riscv-none-elf/lib/rv32im/ilp32/libc.a(libc_a-sbrkr.o)
 .comment       0x00000033       0x34 /opt/xpack-riscv-none-elf-gcc-13.2.0-2/bin/../lib/gcc/riscv-none-elf/13.2.0/../../../../riscv-none-elf/lib/rv32im/ilp32/libc.a(libc_a-writer.o)
 .comment       0x00000033       0x34 /opt/xpack-riscv-none-elf-gcc-13.2.0-2/bin/../lib/gcc/riscv-none-elf/13.2.0/../../../../riscv-none-elf/lib/rv32im/ilp32/libc.a(libc_a-lock.o)
 .comment       0x00000033       0x34 /opt/xpack-riscv-none-elf-gcc-13.2.0-2/bin/../lib/gcc/riscv-none-elf/13.2.0/../../../../riscv-none-elf/lib/rv32im/ilp32/libc.a(libc_a-strlen.o)
 .comment       0x00000033       0x34 /opt/xpack-riscv-none-elf-gcc-13.2.0-2/bin/../lib/gcc/riscv-none-elf/13.2.0/../../../../riscv-none-elf/lib/rv32im/ilp32/libc.a(libm_a-s_frexp.o)
 .comment       0x00000033       0x34 /opt/xpack-riscv-none-elf-gcc-13.2.0-2/bin/../lib/gcc/riscv-none-elf/13.2.0/../../../../riscv-none-elf/lib/rv32im/ilp32/libc.a(libc_a-dtoa.o)
 .comment       0x00000033       0x34 /opt/xpack-riscv-none-elf-gcc-13.2.0-2/bin/../lib/gcc/riscv-none-elf/13.2.0/../../../../riscv-none-elf/lib/rv32im/ilp32/libc.a(libc_a-mbtowc_r.o)
 .comment       0x00000033       0x34 /opt/xpack-riscv-none-elf-gcc-13.2.0-2/bin/../lib/gcc/riscv-none-elf/13.2.0/../../../../riscv-none-elf/lib/rv32im/ilp32/libc.a(libc_a-mprec.o)
 .comment       0x00000033       0x34 /opt/xpack-riscv-none-elf-gcc-13.2.0-2/bin/../lib/gcc/riscv-none-elf/13.2.0/../../../../riscv-none-elf/lib/rv32im/ilp32/libc.a(libc_a-wctomb_r.o)
 .comment       0x00000033       0x34 /opt/xpack-riscv-none-elf-gcc-13.2.0-2/bin/../lib/gcc/riscv-none-elf/13.2.0/../../../../riscv-none-elf/lib/rv32im/ilp32/libc.a(libc_a-wcrtomb.o)
 .comment       0x00000033       0x34 /opt/xpack-riscv-none-elf-gcc-13.2.0-2/bin/../lib/gcc/riscv-none-elf/13.2.0/../../../../riscv-none-elf/lib/rv32im/ilp32/libc.a(libc_a-wcsrtombs.o)
 .comment       0x00000033       0x34 /opt/xpack-riscv-none-elf-gcc-13.2.0-2/bin/../lib/gcc/riscv-none-elf/13.2.0/../../../../riscv-none-elf/lib/rv32im/ilp32/libc.a(libc_a-ctype_.o)
 .comment       0x00000033       0x34 /opt/xpack-riscv-none-elf-gcc-13.2.0-2/bin/../lib/gcc/riscv-none-elf/13.2.0/../../../../riscv-none-elf/lib/rv32im/ilp32/libc.a(libc_a-svfiprintf.o)
 .comment       0x00000033       0x34 /opt/xpack-riscv-none-elf-gcc-13.2.0-2/bin/../lib/gcc/riscv-none-elf/13.2.0/../../../../riscv-none-elf/lib/rv32im/ilp32/libc.a(libc_a-fclose.o)
 .comment       0x00000033       0x34 /opt/xpack-riscv-none-elf-gcc-13.2.0-2/bin/../lib/gcc/riscv-none-elf/13.2.0/../../../../riscv-none-elf/lib/rv32im/ilp32/libc.a(libc_a-fflush.o)
 .comment       0x00000033       0x34 /opt/xpack-riscv-none-elf-gcc-13.2.0-2/bin/../lib/gcc/riscv-none-elf/13.2.0/../../../../riscv-none-elf/lib/rv32im/ilp32/libc.a(libc_a-errno.o)
 .comment       0x00000033       0x34 /opt/xpack-riscv-none-elf-gcc-13.2.0-2/bin/../lib/gcc/riscv-none-elf/13.2.0/../../../../riscv-none-elf/lib/rv32im/ilp32/libc.a(libc_a-memmove-stub.o)
 .comment       0x00000033       0x34 /opt/xpack-riscv-none-elf-gcc-13.2.0-2/bin/../lib/gcc/riscv-none-elf/13.2.0/../../../../riscv-none-elf/lib/rv32im/ilp32/libc.a(libc_a-memcpy.o)
 .comment       0x00000033       0x34 /opt/xpack-riscv-none-elf-gcc-13.2.0-2/bin/../lib/gcc/riscv-none-elf/13.2.0/../../../../riscv-none-elf/lib/rv32im/ilp32/libc.a(libc_a-assert.o)
 .comment       0x00000033       0x34 /opt/xpack-riscv-none-elf-gcc-13.2.0-2/bin/../lib/gcc/riscv-none-elf/13.2.0/../../../../riscv-none-elf/lib/rv32im/ilp32/libc.a(libc_a-callocr.o)
 .comment       0x00000033       0x34 /opt/xpack-riscv-none-elf-gcc-13.2.0-2/bin/../lib/gcc/riscv-none-elf/13.2.0/../../../../riscv-none-elf/lib/rv32im/ilp32/libc.a(libc_a-reallocr.o)
 .comment       0x00000033       0x34 /opt/xpack-riscv-none-elf-gcc-13.2.0-2/bin/../lib/gcc/riscv-none-elf/13.2.0/../../../../riscv-none-elf/lib/rv32im/ilp32/libc.a(libc_a-wcsnrtombs.o)
 .comment       0x00000033       0x34 /opt/xpack-riscv-none-elf-gcc-13.2.0-2/bin/../lib/gcc/riscv-none-elf/13.2.0/../../../../riscv-none-elf/lib/rv32im/ilp32/libc.a(libc_a-fiprintf.o)
 .comment       0x00000033       0x34 /opt/xpack-riscv-none-elf-gcc-13.2.0-2/bin/../lib/gcc/riscv-none-elf/13.2.0/../../../../riscv-none-elf/lib/rv32im/ilp32/libc.a(libc_a-vfiprintf.o)
 .comment       0x00000033       0x34 /opt/xpack-riscv-none-elf-gcc-13.2.0-2/bin/../lib/gcc/riscv-none-elf/13.2.0/../../../../riscv-none-elf/lib/rv32im/ilp32/libc.a(libc_a-fvwrite.o)
 .comment       0x00000033       0x34 /opt/xpack-riscv-none-elf-gcc-13.2.0-2/bin/../lib/gcc/riscv-none-elf/13.2.0/../../../../riscv-none-elf/lib/rv32im/ilp32/libc.a(libc_a-wsetup.o)
 .comment       0x00000033       0x34 /opt/xpack-riscv-none-elf-gcc-13.2.0-2/bin/../lib/gcc/riscv-none-elf/13.2.0/../../../../riscv-none-elf/lib/rv32im/ilp32/libc.a(libc_a-fputwc.o)
 .comment       0x00000033       0x34 /opt/xpack-riscv-none-elf-gcc-13.2.0-2/bin/../lib/gcc/riscv-none-elf/13.2.0/../../../../riscv-none-elf/lib/rv32im/ilp32/libc.a(libc_a-abort.o)
 .comment       0x00000033       0x34 /opt/xpack-riscv-none-elf-gcc-13.2.0-2/bin/../lib/gcc/riscv-none-elf/13.2.0/../../../../riscv-none-elf/lib/rv32im/ilp32/libc.a(libc_a-makebuf.o)
 .comment       0x00000033       0x34 /opt/xpack-riscv-none-elf-gcc-13.2.0-2/bin/../lib/gcc/riscv-none-elf/13.2.0/../../../../riscv-none-elf/lib/rv32im/ilp32/libc.a(libc_a-wbuf.o)
 .comment       0x00000033       0x34 /opt/xpack-riscv-none-elf-gcc-13.2.0-2/bin/../lib/gcc/riscv-none-elf/13.2.0/../../../../riscv-none-elf/lib/rv32im/ilp32/libc.a(libc_a-signal.o)
 .comment       0x00000033       0x34 /opt/xpack-riscv-none-elf-gcc-13.2.0-2/bin/../lib/gcc/riscv-none-elf/13.2.0/../../../../riscv-none-elf/lib/rv32im/ilp32/libc.a(libc_a-fstatr.o)
 .comment       0x00000033       0x34 /opt/xpack-riscv-none-elf-gcc-13.2.0-2/bin/../lib/gcc/riscv-none-elf/13.2.0/../../../../riscv-none-elf/lib/rv32im/ilp32/libc.a(libc_a-isattyr.o)
 .comment       0x00000033       0x34 /opt/xpack-riscv-none-elf-gcc-13.2.0-2/bin/../lib/gcc/riscv-none-elf/13.2.0/../../../../riscv-none-elf/lib/rv32im/ilp32/libc.a(libc_a-signalr.o)
 .comment       0x00000033       0x34 /opt/xpack-riscv-none-elf-gcc-13.2.0-2/bin/../lib/gcc/riscv-none-elf/13.2.0/rv32im/ilp32/libgcc.a(adddf3.o)
 .comment       0x00000033       0x34 /opt/xpack-riscv-none-elf-gcc-13.2.0-2/bin/../lib/gcc/riscv-none-elf/13.2.0/rv32im/ilp32/libgcc.a(divdf3.o)
 .comment       0x00000033       0x34 /opt/xpack-riscv-none-elf-gcc-13.2.0-2/bin/../lib/gcc/riscv-none-elf/13.2.0/rv32im/ilp32/libgcc.a(eqdf2.o)
 .comment       0x00000033       0x34 /opt/xpack-riscv-none-elf-gcc-13.2.0-2/bin/../lib/gcc/riscv-none-elf/13.2.0/rv32im/ilp32/libgcc.a(gedf2.o)
 .comment       0x00000033       0x34 /opt/xpack-riscv-none-elf-gcc-13.2.0-2/bin/../lib/gcc/riscv-none-elf/13.2.0/rv32im/ilp32/libgcc.a(ledf2.o)
 .comment       0x00000033       0x34 /opt/xpack-riscv-none-elf-gcc-13.2.0-2/bin/../lib/gcc/riscv-none-elf/13.2.0/rv32im/ilp32/libgcc.a(muldf3.o)
 .comment       0x00000033       0x34 /opt/xpack-riscv-none-elf-gcc-13.2.0-2/bin/../lib/gcc/riscv-none-elf/13.2.0/rv32im/ilp32/libgcc.a(subdf3.o)
 .comment       0x00000033       0x34 /opt/xpack-riscv-none-elf-gcc-13.2.0-2/bin/../lib/gcc/riscv-none-elf/13.2.0/rv32im/ilp32/libgcc.a(unorddf2.o)
 .comment       0x00000033       0x34 /opt/xpack-riscv-none-elf-gcc-13.2.0-2/bin/../lib/gcc/riscv-none-elf/13.2.0/rv32im/ilp32/libgcc.a(fixdfsi.o)
 .comment       0x00000033       0x34 /opt/xpack-riscv-none-elf-gcc-13.2.0-2/bin/../lib/gcc/riscv-none-elf/13.2.0/rv32im/ilp32/libgcc.a(floatsidf.o)
 .comment       0x00000033       0x34 /opt/xpack-riscv-none-elf-gcc-13.2.0-2/bin/../lib/gcc/riscv-none-elf/13.2.0/rv32im/ilp32/libgcc.a(floatunsidf.o)
 .comment       0x00000033       0x34 /opt/xpack-riscv-none-elf-gcc-13.2.0-2/bin/../lib/gcc/riscv-none-elf/13.2.0/rv32im/ilp32/libgcc.a(trunctfdf2.o)
 .comment       0x00000033       0x34 /opt/xpack-riscv-none-elf-gcc-13.2.0-2/bin/../lib/gcc/riscv-none-elf/13.2.0/rv32im/ilp32/libgcc.a(_clzsi2.o)
 .comment       0x00000033       0x34 /opt/xpack-riscv-none-elf-gcc-13.2.0-2/bin/../lib/gcc/riscv-none-elf/13.2.0/rv32im/ilp32/libgcc.a(_clz.o)

.riscv.attributes
                0x00000000       0x37
 .riscv.attributes
                0x00000000       0x33 build/main.o
 .riscv.attributes
                0x00000033       0x33 build/src/stub_stdlib.o
 .riscv.attributes
                0x00000066       0x33 build/src/soc_uart.o
 .riscv.attributes
                0x00000099       0x33 build/src/soc_emu_gpio.o
 .riscv.attributes
                0x000000cc       0x37 build/src/trap.o
 .riscv.attributes
                0x00000103       0x35 build/Start.o
 .riscv.attributes
                0x00000138       0x2a /opt/xpack-riscv-none-elf-gcc-13.2.0-2/bin/../lib/gcc/riscv-none-elf/13.2.0/../../../../riscv-none-elf/lib/rv32im/ilp32/libc.a(libc_a-sprintf.o)
 .riscv.attributes
                0x00000162       0x2a /opt/xpack-riscv-none-elf-gcc-13.2.0-2/bin/../lib/gcc/riscv-none-elf/13.2.0/../../../../riscv-none-elf/lib/rv32im/ilp32/libc.a(libc_a-reent.o)
 .riscv.attributes
                0x0000018c       0x2a /opt/xpack-riscv-none-elf-gcc-13.2.0-2/bin/../lib/gcc/riscv-none-elf/13.2.0/../../../../riscv-none-elf/lib/rv32im/ilp32/libc.a(libc_a-impure.o)
 .riscv.attributes
                0x000001b6       0x2a /opt/xpack-riscv-none-elf-gcc-13.2.0-2/bin/../lib/gcc/riscv-none-elf/13.2.0/../../../../riscv-none-elf/lib/rv32im/ilp32/libc.a(libc_a-freer.o)
 .riscv.attributes
                0x000001e0       0x2a /opt/xpack-riscv-none-elf-gcc-13.2.0-2/bin/../lib/gcc/riscv-none-elf/13.2.0/../../../../riscv-none-elf/lib/rv32im/ilp32/libc.a(libc_a-mallocr.o)
 .riscv.attributes
                0x0000020a       0x2a /opt/xpack-riscv-none-elf-gcc-13.2.0-2/bin/../lib/gcc/riscv-none-elf/13.2.0/../../../../riscv-none-elf/lib/rv32im/ilp32/libc.a(libc_a-mlock.o)
 .riscv.attributes
                0x00000234       0x2a /opt/xpack-riscv-none-elf-gcc-13.2.0-2/bin/../lib/gcc/riscv-none-elf/13.2.0/../../../../riscv-none-elf/lib/rv32im/ilp32/libc.a(libc_a-svfprintf.o)
 .riscv.attributes
                0x0000025e       0x2a /opt/xpack-riscv-none-elf-gcc-13.2.0-2/bin/../lib/gcc/riscv-none-elf/13.2.0/../../../../riscv-none-elf/lib/rv32im/ilp32/libc.a(libc_a-findfp.o)
 .riscv.attributes
                0x00000288       0x2a /opt/xpack-riscv-none-elf-gcc-13.2.0-2/bin/../lib/gcc/riscv-none-elf/13.2.0/../../../../riscv-none-elf/lib/rv32im/ilp32/libc.a(libc_a-fwalk.o)
 .riscv.attributes
                0x000002b2       0x2a /opt/xpack-riscv-none-elf-gcc-13.2.0-2/bin/../lib/gcc/riscv-none-elf/13.2.0/../../../../riscv-none-elf/lib/rv32im/ilp32/libc.a(libc_a-stdio.o)
 .riscv.attributes
                0x000002dc       0x2a /opt/xpack-riscv-none-elf-gcc-13.2.0-2/bin/../lib/gcc/riscv-none-elf/13.2.0/../../../../riscv-none-elf/lib/rv32im/ilp32/libc.a(libc_a-memchr.o)
 .riscv.attributes
                0x00000306       0x2a /opt/xpack-riscv-none-elf-gcc-13.2.0-2/bin/../lib/gcc/riscv-none-elf/13.2.0/../../../../riscv-none-elf/lib/rv32im/ilp32/libc.a(libc_a-strncpy.o)
 .riscv.attributes
                0x00000330       0x2a /opt/xpack-riscv-none-elf-gcc-13.2.0-2/bin/../lib/gcc/riscv-none-elf/13.2.0/../../../../riscv-none-elf/lib/rv32im/ilp32/libc.a(libc_a-locale.o)
 .riscv.attributes
                0x0000035a       0x2a /opt/xpack-riscv-none-elf-gcc-13.2.0-2/bin/../lib/gcc/riscv-none-elf/13.2.0/../../../../riscv-none-elf/lib/rv32im/ilp32/libc.a(libc_a-localeconv.o)
 .riscv.attributes
                0x00000384       0x2a /opt/xpack-riscv-none-elf-gcc-13.2.0-2/bin/../lib/gcc/riscv-none-elf/13.2.0/../../../../riscv-none-elf/lib/rv32im/ilp32/libc.a(libc_a-closer.o)
 .riscv.attributes
                0x000003ae       0x2a /opt/xpack-riscv-none-elf-gcc-13.2.0-2/bin/../lib/gcc/riscv-none-elf/13.2.0/../../../../riscv-none-elf/lib/rv32im/ilp32/libc.a(libc_a-lseekr.o)
 .riscv.attributes
                0x000003d8       0x2a /opt/xpack-riscv-none-elf-gcc-13.2.0-2/bin/../lib/gcc/riscv-none-elf/13.2.0/../../../../riscv-none-elf/lib/rv32im/ilp32/libc.a(libc_a-readr.o)
 .riscv.attributes
                0x00000402       0x2a /opt/xpack-riscv-none-elf-gcc-13.2.0-2/bin/../lib/gcc/riscv-none-elf/13.2.0/../../../../riscv-none-elf/lib/rv32im/ilp32/libc.a(libc_a-sbrkr.o)
 .riscv.attributes
                0x0000042c       0x2a /opt/xpack-riscv-none-elf-gcc-13.2.0-2/bin/../lib/gcc/riscv-none-elf/13.2.0/../../../../riscv-none-elf/lib/rv32im/ilp32/libc.a(libc_a-writer.o)
 .riscv.attributes
                0x00000456       0x2a /opt/xpack-riscv-none-elf-gcc-13.2.0-2/bin/../lib/gcc/riscv-none-elf/13.2.0/../../../../riscv-none-elf/lib/rv32im/ilp32/libc.a(libc_a-lock.o)
 .riscv.attributes
                0x00000480       0x28 /opt/xpack-riscv-none-elf-gcc-13.2.0-2/bin/../lib/gcc/riscv-none-elf/13.2.0/../../../../riscv-none-elf/lib/rv32im/ilp32/libc.a(libc_a-memset.o)
 .riscv.attributes
                0x000004a8       0x2a /opt/xpack-riscv-none-elf-gcc-13.2.0-2/bin/../lib/gcc/riscv-none-elf/13.2.0/../../../../riscv-none-elf/lib/rv32im/ilp32/libc.a(libc_a-strlen.o)
 .riscv.attributes
                0x000004d2       0x2a /opt/xpack-riscv-none-elf-gcc-13.2.0-2/bin/../lib/gcc/riscv-none-elf/13.2.0/../../../../riscv-none-elf/lib/rv32im/ilp32/libc.a(libm_a-s_frexp.o)
 .riscv.attributes
                0x000004fc       0x2a /opt/xpack-riscv-none-elf-gcc-13.2.0-2/bin/../lib/gcc/riscv-none-elf/13.2.0/../../../../riscv-none-elf/lib/rv32im/ilp32/libc.a(libc_a-dtoa.o)
 .riscv.attributes
                0x00000526       0x2a /opt/xpack-riscv-none-elf-gcc-13.2.0-2/bin/../lib/gcc/riscv-none-elf/13.2.0/../../../../riscv-none-elf/lib/rv32im/ilp32/libc.a(libc_a-mbtowc_r.o)
 .riscv.attributes
                0x00000550       0x2a /opt/xpack-riscv-none-elf-gcc-13.2.0-2/bin/../lib/gcc/riscv-none-elf/13.2.0/../../../../riscv-none-elf/lib/rv32im/ilp32/libc.a(libc_a-mprec.o)
 .riscv.attributes
                0x0000057a       0x2a /opt/xpack-riscv-none-elf-gcc-13.2.0-2/bin/../lib/gcc/riscv-none-elf/13.2.0/../../../../riscv-none-elf/lib/rv32im/ilp32/libc.a(libc_a-wctomb_r.o)
 .riscv.attributes
                0x000005a4       0x2a /opt/xpack-riscv-none-elf-gcc-13.2.0-2/bin/../lib/gcc/riscv-none-elf/13.2.0/../../../../riscv-none-elf/lib/rv32im/ilp32/libc.a(libc_a-wcrtomb.o)
 .riscv.attributes
                0x000005ce       0x2a /opt/xpack-riscv-none-elf-gcc-13.2.0-2/bin/../lib/gcc/riscv-none-elf/13.2.0/../../../../riscv-none-elf/lib/rv32im/ilp32/libc.a(libc_a-wcsrtombs.o)
 .riscv.attributes
                0x000005f8       0x2a /opt/xpack-riscv-none-elf-gcc-13.2.0-2/bin/../lib/gcc/riscv-none-elf/13.2.0/../../../../riscv-none-elf/lib/rv32im/ilp32/libc.a(libc_a-ctype_.o)
 .riscv.attributes
                0x00000622       0x2a /opt/xpack-riscv-none-elf-gcc-13.2.0-2/bin/../lib/gcc/riscv-none-elf/13.2.0/../../../../riscv-none-elf/lib/rv32im/ilp32/libc.a(libc_a-svfiprintf.o)
 .riscv.attributes
                0x0000064c       0x2a /opt/xpack-riscv-none-elf-gcc-13.2.0-2/bin/../lib/gcc/riscv-none-elf/13.2.0/../../../../riscv-none-elf/lib/rv32im/ilp32/libc.a(libc_a-fclose.o)
 .riscv.attributes
                0x00000676       0x2a /opt/xpack-riscv-none-elf-gcc-13.2.0-2/bin/../lib/gcc/riscv-none-elf/13.2.0/../../../../riscv-none-elf/lib/rv32im/ilp32/libc.a(libc_a-fflush.o)
 .riscv.attributes
                0x000006a0       0x2a /opt/xpack-riscv-none-elf-gcc-13.2.0-2/bin/../lib/gcc/riscv-none-elf/13.2.0/../../../../riscv-none-elf/lib/rv32im/ilp32/libc.a(libc_a-errno.o)
 .riscv.attributes
                0x000006ca       0x2a /opt/xpack-riscv-none-elf-gcc-13.2.0-2/bin/../lib/gcc/riscv-none-elf/13.2.0/../../../../riscv-none-elf/lib/rv32im/ilp32/libc.a(libc_a-memmove-stub.o)
 .riscv.attributes
                0x000006f4       0x2a /opt/xpack-riscv-none-elf-gcc-13.2.0-2/bin/../lib/gcc/riscv-none-elf/13.2.0/../../../../riscv-none-elf/lib/rv32im/ilp32/libc.a(libc_a-memcpy.o)
 .riscv.attributes
                0x0000071e       0x2a /opt/xpack-riscv-none-elf-gcc-13.2.0-2/bin/../lib/gcc/riscv-none-elf/13.2.0/../../../../riscv-none-elf/lib/rv32im/ilp32/libc.a(libc_a-assert.o)
 .riscv.attributes
                0x00000748       0x2a /opt/xpack-riscv-none-elf-gcc-13.2.0-2/bin/../lib/gcc/riscv-none-elf/13.2.0/../../../../riscv-none-elf/lib/rv32im/ilp32/libc.a(libc_a-callocr.o)
 .riscv.attributes
                0x00000772       0x2a /opt/xpack-riscv-none-elf-gcc-13.2.0-2/bin/../lib/gcc/riscv-none-elf/13.2.0/../../../../riscv-none-elf/lib/rv32im/ilp32/libc.a(libc_a-reallocr.o)
 .riscv.attributes
                0x0000079c       0x2a /opt/xpack-riscv-none-elf-gcc-13.2.0-2/bin/../lib/gcc/riscv-none-elf/13.2.0/../../../../riscv-none-elf/lib/rv32im/ilp32/libc.a(libc_a-wcsnrtombs.o)
 .riscv.attributes
                0x000007c6       0x2a /opt/xpack-riscv-none-elf-gcc-13.2.0-2/bin/../lib/gcc/riscv-none-elf/13.2.0/../../../../riscv-none-elf/lib/rv32im/ilp32/libc.a(libc_a-fiprintf.o)
 .riscv.attributes
                0x000007f0       0x2a /opt/xpack-riscv-none-elf-gcc-13.2.0-2/bin/../lib/gcc/riscv-none-elf/13.2.0/../../../../riscv-none-elf/lib/rv32im/ilp32/libc.a(libc_a-vfiprintf.o)
 .riscv.attributes
                0x0000081a       0x2a /opt/xpack-riscv-none-elf-gcc-13.2.0-2/bin/../lib/gcc/riscv-none-elf/13.2.0/../../../../riscv-none-elf/lib/rv32im/ilp32/libc.a(libc_a-fvwrite.o)
 .riscv.attributes
                0x00000844       0x2a /opt/xpack-riscv-none-elf-gcc-13.2.0-2/bin/../lib/gcc/riscv-none-elf/13.2.0/../../../../riscv-none-elf/lib/rv32im/ilp32/libc.a(libc_a-wsetup.o)
 .riscv.attributes
                0x0000086e       0x2a /opt/xpack-riscv-none-elf-gcc-13.2.0-2/bin/../lib/gcc/riscv-none-elf/13.2.0/../../../../riscv-none-elf/lib/rv32im/ilp32/libc.a(libc_a-fputwc.o)
 .riscv.attributes
                0x00000898       0x2a /opt/xpack-riscv-none-elf-gcc-13.2.0-2/bin/../lib/gcc/riscv-none-elf/13.2.0/../../../../riscv-none-elf/lib/rv32im/ilp32/libc.a(libc_a-abort.o)
 .riscv.attributes
                0x000008c2       0x2a /opt/xpack-riscv-none-elf-gcc-13.2.0-2/bin/../lib/gcc/riscv-none-elf/13.2.0/../../../../riscv-none-elf/lib/rv32im/ilp32/libc.a(libc_a-makebuf.o)
 .riscv.attributes
                0x000008ec       0x2a /opt/xpack-riscv-none-elf-gcc-13.2.0-2/bin/../lib/gcc/riscv-none-elf/13.2.0/../../../../riscv-none-elf/lib/rv32im/ilp32/libc.a(libc_a-wbuf.o)
 .riscv.attributes
                0x00000916       0x2a /opt/xpack-riscv-none-elf-gcc-13.2.0-2/bin/../lib/gcc/riscv-none-elf/13.2.0/../../../../riscv-none-elf/lib/rv32im/ilp32/libc.a(libc_a-signal.o)
 .riscv.attributes
                0x00000940       0x2a /opt/xpack-riscv-none-elf-gcc-13.2.0-2/bin/../lib/gcc/riscv-none-elf/13.2.0/../../../../riscv-none-elf/lib/rv32im/ilp32/libc.a(libc_a-fstatr.o)
 .riscv.attributes
                0x0000096a       0x2a /opt/xpack-riscv-none-elf-gcc-13.2.0-2/bin/../lib/gcc/riscv-none-elf/13.2.0/../../../../riscv-none-elf/lib/rv32im/ilp32/libc.a(libc_a-isattyr.o)
 .riscv.attributes
                0x00000994       0x2a /opt/xpack-riscv-none-elf-gcc-13.2.0-2/bin/../lib/gcc/riscv-none-elf/13.2.0/../../../../riscv-none-elf/lib/rv32im/ilp32/libc.a(libc_a-signalr.o)
 .riscv.attributes
                0x000009be       0x2a /opt/xpack-riscv-none-elf-gcc-13.2.0-2/bin/../lib/gcc/riscv-none-elf/13.2.0/rv32im/ilp32/libgcc.a(adddf3.o)
 .riscv.attributes
                0x000009e8       0x2a /opt/xpack-riscv-none-elf-gcc-13.2.0-2/bin/../lib/gcc/riscv-none-elf/13.2.0/rv32im/ilp32/libgcc.a(divdf3.o)
 .riscv.attributes
                0x00000a12       0x2a /opt/xpack-riscv-none-elf-gcc-13.2.0-2/bin/../lib/gcc/riscv-none-elf/13.2.0/rv32im/ilp32/libgcc.a(eqdf2.o)
 .riscv.attributes
                0x00000a3c       0x2a /opt/xpack-riscv-none-elf-gcc-13.2.0-2/bin/../lib/gcc/riscv-none-elf/13.2.0/rv32im/ilp32/libgcc.a(gedf2.o)
 .riscv.attributes
                0x00000a66       0x2a /opt/xpack-riscv-none-elf-gcc-13.2.0-2/bin/../lib/gcc/riscv-none-elf/13.2.0/rv32im/ilp32/libgcc.a(ledf2.o)
 .riscv.attributes
                0x00000a90       0x2a /opt/xpack-riscv-none-elf-gcc-13.2.0-2/bin/../lib/gcc/riscv-none-elf/13.2.0/rv32im/ilp32/libgcc.a(muldf3.o)
 .riscv.attributes
                0x00000aba       0x2a /opt/xpack-riscv-none-elf-gcc-13.2.0-2/bin/../lib/gcc/riscv-none-elf/13.2.0/rv32im/ilp32/libgcc.a(subdf3.o)
 .riscv.attributes
                0x00000ae4       0x2a /opt/xpack-riscv-none-elf-gcc-13.2.0-2/bin/../lib/gcc/riscv-none-elf/13.2.0/rv32im/ilp32/libgcc.a(unorddf2.o)
 .riscv.attributes
                0x00000b0e       0x2a /opt/xpack-riscv-none-elf-gcc-13.2.0-2/bin/../lib/gcc/riscv-none-elf/13.2.0/rv32im/ilp32/libgcc.a(fixdfsi.o)
 .riscv.attributes
                0x00000b38       0x2a /opt/xpack-riscv-none-elf-gcc-13.2.0-2/bin/../lib/gcc/riscv-none-elf/13.2.0/rv32im/ilp32/libgcc.a(floatsidf.o)
 .riscv.attributes
                0x00000b62       0x2a /opt/xpack-riscv-none-elf-gcc-13.2.0-2/bin/../lib/gcc/riscv-none-elf/13.2.0/rv32im/ilp32/libgcc.a(floatunsidf.o)
 .riscv.attributes
                0x00000b8c       0x2a /opt/xpack-riscv-none-elf-gcc-13.2.0-2/bin/../lib/gcc/riscv-none-elf/13.2.0/rv32im/ilp32/libgcc.a(trunctfdf2.o)
 .riscv.attributes
                0x00000bb6       0x2a /opt/xpack-riscv-none-elf-gcc-13.2.0-2/bin/../lib/gcc/riscv-none-elf/13.2.0/rv32im/ilp32/libgcc.a(_clzsi2.o)
 .riscv.attributes
                0x00000be0       0x2a /opt/xpack-riscv-none-elf-gcc-13.2.0-2/bin/../lib/gcc/riscv-none-elf/13.2.0/rv32im/ilp32/libgcc.a(_clz.o)

.debug_frame    0x00000000      0x3a4
 .debug_frame   0x00000000       0x50 build/main.o
 .debug_frame   0x00000050      0x19c build/src/stub_stdlib.o
 .debug_frame   0x000001ec       0xc8 build/src/soc_uart.o
 .debug_frame   0x000002b4       0xc4 build/src/soc_emu_gpio.o
 .debug_frame   0x00000378       0x2c build/src/trap.o
